START interface=can0 bitrate=125000
STATE Idle -> Dispatching current=1 target=2 direction=None door_open=false faulted=false
STATE Dispatching -> MovingUp current=1 target=2 direction=Up door_open=false faulted=false
AUTO_ARRIVAL target_floor=2 elapsed_ms=3000
STATE MovingUp -> Arrived current=2 target=2 direction=None door_open=true faulted=false
STATE Arrived -> Idle current=2 target=2 direction=None door_open=false faulted=false
STATE Idle -> Dispatching current=2 target=2 direction=None door_open=false faulted=false
STATE Dispatching -> Arrived current=2 target=2 direction=None door_open=true faulted=false
STATE Arrived -> Idle current=2 target=2 direction=None door_open=false faulted=false
STATE Idle -> Dispatching current=2 target=2 direction=None door_open=false faulted=false
STATE Dispatching -> Arrived current=2 target=2 direction=None door_open=true faulted=false
STATE Arrived -> Idle current=2 target=2 direction=None door_open=false faulted=false
STATE Idle -> Dispatching current=2 target=1 direction=None door_open=false faulted=false
STATE Dispatching -> MovingDown current=2 target=1 direction=Down door_open=false faulted=false
AUTO_ARRIVAL target_floor=1 elapsed_ms=3003
STATE MovingDown -> Arrived current=1 target=1 direction=None door_open=true faulted=false
STATE Arrived -> Idle current=1 target=1 direction=None door_open=false faulted=false
STATE Idle -> Dispatching current=1 target=1 direction=None door_open=false faulted=false
STATE Dispatching -> Arrived current=1 target=1 direction=None door_open=true faulted=false
STATE Arrived -> Idle current=1 target=1 direction=None door_open=false faulted=false
STATE Idle -> Dispatching current=1 target=2 direction=None door_open=false faulted=false
STATE Dispatching -> MovingUp current=1 target=2 direction=Up door_open=false faulted=false
AUTO_ARRIVAL target_floor=2 elapsed_ms=3001
STATE MovingUp -> Arrived current=2 target=2 direction=None door_open=true faulted=false
STATE Arrived -> Idle current=2 target=2 direction=None door_open=false faulted=false
STATE Idle -> Dispatching current=2 target=2 direction=None door_open=false faulted=false
STATE Dispatching -> Arrived current=2 target=2 direction=None door_open=true faulted=false
STATE Arrived -> Idle current=2 target=2 direction=None door_open=false faulted=false
STATE Idle -> Dispatching current=2 target=2 direction=None door_open=false faulted=false
STATE Dispatching -> Arrived current=2 target=2 direction=None door_open=true faulted=false
STATE Arrived -> Idle current=2 target=2 direction=None door_open=false faulted=false
STATE Idle -> Dispatching current=2 target=1 direction=None door_open=false faulted=false
STATE Dispatching -> MovingDown current=2 target=1 direction=Down door_open=false faulted=false
AUTO_ARRIVAL target_floor=1 elapsed_ms=3006
STATE MovingDown -> Arrived current=1 target=1 direction=None door_open=true faulted=false
STATE Arrived -> Idle current=1 target=1 direction=None door_open=false faulted=false
STATE Idle -> Dispatching current=1 target=1 direction=None door_open=false faulted=false
STATE Dispatching -> Arrived current=1 target=1 direction=None door_open=true faulted=false
STATE Arrived -> Idle current=1 target=1 direction=None door_open=false faulted=false
STATE Idle -> Dispatching current=1 target=2 direction=None door_open=false faulted=false
STATE Dispatching -> MovingUp current=1 target=2 direction=Up door_open=false faulted=false
AUTO_ARRIVAL target_floor=2 elapsed_ms=3006
STATE MovingUp -> Arrived current=2 target=2 direction=None door_open=true faulted=false
STATE Arrived -> Idle current=2 target=2 direction=None door_open=false faulted=false
STATE Idle -> Dispatching current=2 target=2 direction=None door_open=false faulted=false
STATE Dispatching -> Arrived current=2 target=2 direction=None door_open=true faulted=false
STATE Arrived -> Idle current=2 target=2 direction=None door_open=false faulted=false
STATE Idle -> Idle current=1 target=2 direction=None door_open=false faulted=false
STATE Idle -> Dispatching current=1 target=2 direction=None door_open=false faulted=false
STATE Dispatching -> MovingUp current=1 target=2 direction=Up door_open=false faulted=false
AUTO_ARRIVAL target_floor=2 elapsed_ms=3000
STATE MovingUp -> Arrived current=2 target=2 direction=None door_open=true faulted=false
STATE Arrived -> Idle current=2 target=2 direction=None door_open=false faulted=false
STATE Idle -> Dispatching current=2 target=2 direction=None door_open=false faulted=false
STATE Dispatching -> Arrived current=2 target=2 direction=None door_open=true faulted=false
STATE Arrived -> Idle current=2 target=2 direction=None door_open=false faulted=false
STATE Idle -> Dispatching current=2 target=2 direction=None door_open=false faulted=false
STATE Dispatching -> Arrived current=2 target=2 direction=None door_open=true faulted=false
STATE Arrived -> Idle current=2 target=2 direction=None door_open=false faulted=false
STATE Idle -> Dispatching current=2 target=2 direction=None door_open=false faulted=false
STATE Dispatching -> Arrived current=2 target=2 direction=None door_open=true faulted=false
STATE Arrived -> Idle current=2 target=2 direction=None door_open=false faulted=false
STATE Idle -> Dispatching current=2 target=2 direction=None door_open=false faulted=false
STATE Dispatching -> Arrived current=2 target=2 direction=None door_open=true faulted=false
STATE Arrived -> Idle current=2 target=2 direction=None door_open=false faulted=false
STATE Idle -> Dispatching current=2 target=2 direction=None door_open=false faulted=false
STATE Dispatching -> Arrived current=2 target=2 direction=None door_open=true faulted=false
STATE Arrived -> Idle current=2 target=2 direction=None door_open=false faulted=false
STATE Idle -> Dispatching current=2 target=2 direction=None door_open=false faulted=false
STATE Dispatching -> Arrived current=2 target=2 direction=None door_open=true faulted=false
STATE Arrived -> Idle current=2 target=2 direction=None door_open=false faulted=false
