/home/nigel/Projects/school/ElevatorProject/FloorController/Core/Src/usermain.c:32:6:user_main	16	static
/home/nigel/Projects/school/ElevatorProject/FloorController/Core/Src/usermain.c:67:6:user_init	0	static
/home/nigel/Projects/school/ElevatorProject/FloorController/Core/Src/usermain.c:74:6:user_CAN_init	56	static
/home/nigel/Projects/school/ElevatorProject/FloorController/Core/Src/usermain.c:120:6:HAL_CAN_RxFifo0MsgPendingCallback	8	static
/home/nigel/Projects/school/ElevatorProject/FloorController/Core/Src/usermain.c:131:6:HAL_GPIO_EXTI_Callback	0	static
/home/nigel/Projects/school/ElevatorProject/FloorController/Core/Src/usermain.c:147:21:panic	0	static
