/home/nigel/Projects/school/ElevatorProject/FloorController/Core/Src/main.c:70:5:main	32	static
/home/nigel/Projects/school/ElevatorProject/FloorController/Core/Src/main.c:121:6:SystemClock_Config	160	static
/home/nigel/Projects/school/ElevatorProject/FloorController/Core/Src/main.c:168:13:MX_CAN_Init	8	static
/home/nigel/Projects/school/ElevatorProject/FloorController/Core/Src/main.c:205:13:MX_USART2_UART_Init	8	static
/home/nigel/Projects/school/ElevatorProject/FloorController/Core/Src/main.c:240:13:MX_GPIO_Init	48	static
/home/nigel/Projects/school/ElevatorProject/FloorController/Core/Src/main.c:286:6:Error_Handler	4	static
