/home/nigel/Projects/school/ElevatorProject/FloorController/Core/Src/main.c:69:5:main	8	static
/home/nigel/Projects/school/ElevatorProject/FloorController/Core/Src/main.c:115:6:SystemClock_Config	160	static
/home/nigel/Projects/school/ElevatorProject/FloorController/Core/Src/main.c:162:13:MX_CAN_Init	8	static
/home/nigel/Projects/school/ElevatorProject/FloorController/Core/Src/main.c:199:13:MX_USART2_UART_Init	8	static
/home/nigel/Projects/school/ElevatorProject/FloorController/Core/Src/main.c:234:13:MX_GPIO_Init	48	static
/home/nigel/Projects/school/ElevatorProject/FloorController/Core/Src/main.c:280:6:Error_Handler	4	static
